[www.jollybodiesfitness.com/index.html]
[static.wixstatic.com/media/f00ebf_81df306512f34f8381e565c6a5eabf83_mv2.png/v1/fill/w_32,h_32,lg_1,usm_0.66_1.00_0.01/f00ebf_81df306512f34f8381e565c6a5eabf83_mv2.0]
[static.parastorage.com/unpkg/core-js-bundle@3.2.1/minified.js]
[static.parastorage.com/unpkg/focus-within-polyfill@5.0.9/dist/focus-within-polyfill.js]
[backblue.gif]
[fade.gif]
[index.html]
[polyfill.io/v3/polyfill.mind82c.js]
[browser.sentry-cdn.com/6.18.2/bundle.min.js]
[www.jollybodiesfitness.com/decodeURIComponent(e]
[www.jollybodiesfitness.com/sitemap.xml]
[www.jollybodiesfitness.com/feed.xml]
[static.parastorage.com/services/wix-thunderbolt/dist/bootstrap-features.9ca6e510.bundle.min.js]
[static.parastorage.com/services/wix-thunderbolt/dist/main.cb675ae8.bundle.min.js]
[static.parastorage.com/unpkg/lodash@4.17.21/lodash.min.js]
[static.parastorage.com/unpkg/react@16.14.0/umd/react.production.min.js]
[static.parastorage.com/services/wix-code-platform/1.1097.93/elementory-browser-support.min.js]
[static.parastorage.com/services/tag-manager-client/1.427.0/siteTags.bundle.min.js]
[static.parastorage.com/unpkg-semver/mobile-app-banner/app.bundle.min.js]
[static.parastorage.com/services/wix-perf-measure/1.1042.0/wix-perf-measure.bundle.min.js]
[static.parastorage.com/unpkg/react-dom@16.14.0/umd/react-dom.production.min.js]
[www.jollybodiesfitness.com/version/index.html]
[www.jollybodiesfitness.com/eec152dc.min.css]
[www.jollybodiesfitness.com/b604fd33.min.css]
[www.jollybodiesfitness.com/7c602eb2.min.css]
[www.jollybodiesfitness.com/caeea34d.min.css]
[www.jollybodiesfitness.com/f7ebcb0e.min.css]
[www.jollybodiesfitness.com/99a6a99f.min.css]
[www.jollybodiesfitness.com/62a3290c.min.css]
[www.jollybodiesfitness.com/1f15f937.min.css]
[www.jollybodiesfitness.com/ada5099f.min.css]
[www.jollybodiesfitness.com/5d684912.min.css]
[www.jollybodiesfitness.com/7a36fe10.chunk.min.js]
[www.jollybodiesfitness.com/rb_wixui.thunderbolt_bootstrap-classic.db545a77.chunk.min.js]
[www.jollybodiesfitness.com/rb_wixui.thunderbolt_bootstrap.8a86afda.chunk.min.css]
[www.jollybodiesfitness.com/rb_wixui.thunderbolt_bootstrap.7a36fe10.chunk.min.js]
[www.jollybodiesfitness.com/rb_wixui.thunderbolt_common-site-members-dialogs.384b0b57.chunk.min.css]
[www.jollybodiesfitness.com/rb_wixui.thunderbolt_common-site-members-dialogs.2059cbfd.chunk.min.js]
[www.jollybodiesfitness.com/buydigitalstudio.html]
[www.jollybodiesfitness.com/plans.html]
[www.jollybodiesfitness.com/book.html]
[www.jollybodiesfitness.com/digitalstudio.html]
[www.jollybodiesfitness.com/digitalstudioportal.html]
[www.jollybodiesfitness.com/jbcurriculum.html]
[www.jollybodiesfitness.com/more.html]
[www.jollybodiesfitness.com/shop.html]
[www.jollybodiesfitness.com/media-1.html]
[www.jollybodiesfitness.com/about.html]
[www.jollybodiesfitness.com/book-online.html]
[www.jollybodiesfitness.com/blog.html]
[www.jollybodiesfitness.com/contact.html]
[www.jollybodiesfitness.com/terms-of-use.html]
[www.jollybodiesfitness.com/jbtrainees.html]
[static.wixstatic.com/media/f00ebf_3eb9a243159c41739b1ec16fd5445b7e_mv2.png/v1/crop/x_519,y_837,w_1611,h_1678/fill/w_428,h_446,al_c,q_85,us/Jolly_Bodies_Logo_NC_ne]
[static.wixstatic.com/media/f00ebf_b962cd950c51476b958ec61842408df1f000.jpg/v1/fill/w_147,h_83,al_c,q_80,usm_0.66_1.00_0.01,blur_2,/f00ebf_b962cd950c51476b958ec618]
[static.wixstatic.com/media/f00ebf_dfdd8e9b94a74e8a83e2040a3d5e65e5f000.jpg/v1/fill/w_147,h_83,al_c,q_80,usm_0.66_1.00_0.01,blur_2,/f00ebf_dfdd8e9b94a74e8a83e2040a]
[www.jollybodiesfitness.com/forcoaches.html]
[static.wixstatic.com/media/f00ebf_28d006941cec45ce9b696cef4c6f1876_mv2.png/v1/fill/w_46,h_46,al_c,q_85,usm_0.66_1.00_0.01,blur_3,enc_auto/R.png]
[static.wixstatic.com/media/f00ebf_4901d47f19f940209c9bb38885b1a940_mv2.png/v1/crop/x_595,y_541,w_1921,h_2034/fill/w_539,h_571,al_c,q_85,us/Soiree Ads (1).34.delay]
[www.jollybodiesfitness.com/index.html]
[static.wixstatic.com/media/f00ebf_503511952d474193a4941a2bf9bc23b4_mv2.jpg/v1/fill/w_147,h_87,al_c,q_80,usm_0.66_1.00_0.01,blur_2,/f00ebf_503511952d474193a4941a2b]
[www.jollybodiesfitness.com/decodeURIComponent(e.html]
[static.wixstatic.com/media/f00ebf_7f1e9ca476ac400c97735796643f62d8_mv2.png/v1/crop/x_308,y_256,w_1634,h_1641/fill/w_64,h_64,al_c,q_85,usm_/Instagram 9, 10, 11 (In]
[www.jollybodiesfitness.com/feed.html]
[static.wixstatic.com/media/f00ebf_fba53a082d4140e092bb20b5036f082df000.jpg/v1/fill/w_116,h_65,al_c,q_80,usm_0.66_1.00_0.01,blur_2,/f00ebf_fba53a082d4140e092bb20b5]
[static.wixstatic.com/media/f00ebf_b962cd950c51476b958ec61842408df1f000.jpg/v1/fill/w_123,h_69,al_c,q_80,usm_0.66_1.00_0.01,blur_2,/f00ebf_b962cd950c51476b958ec618]
[www.jollybodiesfitness.com/version/index.html]
[static.wixstatic.com/media/f00ebf_b50aa64c142e4d37949a52047ce2be15_mv2.png/v1/crop/x_0,y_0,w_614,h_780/fill/w_73,h_93,al_c,q_85,usm_0.66_1/Screenshot (90).39.dela]
[static.wixstatic.com/media/f00ebf_b962cd950c51476b958ec61842408df1f000.jpg/v1/fill/w_60,h_34,al_c,q_80,usm_0.66_1.00_0.01,blur_2,e/f00ebf_b962cd950c51476b958ec618]
[static.wixstatic.com/media/f00ebf_f308830e541641a0b8ceb5820944b391_mv2.jpg/v1/crop/x_42,y_0,w_1825,h_1080/fill/w_132,h_78,al_c,q_80,usm_0/Untitled%20design%20(2)]
[www.jollybodiesfitness.com/eec152dc.min.html]
[www.jollybodiesfitness.com/b604fd33.min.html]
[www.jollybodiesfitness.com/7c602eb2.min.html]
[www.jollybodiesfitness.com/caeea34d.min.html]
[www.jollybodiesfitness.com/f7ebcb0e.min.html]
[www.jollybodiesfitness.com/99a6a99f.min.html]
[www.jollybodiesfitness.com/62a3290c.min.html]
[www.jollybodiesfitness.com/1f15f937.min.html]
[www.jollybodiesfitness.com/ada5099f.min.html]
[www.jollybodiesfitness.com/5d684912.min.html]
[www.jollybodiesfitness.com/7a36fe10.chunk.min.html]
[www.jollybodiesfitness.com/rb_wixui.thunderbolt_bootstrap-classic.db545a77.chunk.min.html]
[www.jollybodiesfitness.com/rb_wixui.thunderbolt_bootstrap.8a86afda.chunk.min.html]
[www.jollybodiesfitness.com/rb_wixui.thunderbolt_bootstrap.7a36fe10.chunk.min.html]
[www.jollybodiesfitness.com/rb_wixui.thunderbolt_common-site-members-dialogs.384b0b57.chunk.min.html]
[www.jollybodiesfitness.com/rb_wixui.thunderbolt_common-site-members-dialogs.2059cbfd.chunk.min.html]
[www.jollybodiesfitness.com/_files/ugd/JB%20strong%20and%20digital%20studio%20equipment%20list.pdf_; filename_=UTF-8''JB%20strong%20and%20digital%20studio%20equipm]
[www.jollybodiesfitness.com/buydigitalstudio.html]
[static.parastorage.com/services/wix-thunderbolt/dist/ab-test-compilation/thunderbolt-commons.7ca534fa.bundle.min.js]
[static.parastorage.com/services/wix-thunderbolt/dist/ab-test-compilation/main.c16c2c7f.bundle.min.js]
[static.parastorage.com/services/pricing-plans-tpa/1.2216.0/client/List.chunk.min.css]
[static.parastorage.com/services/pricing-plans-tpa/1.2216.0/client/7724.chunk.min.js]
[static.parastorage.com/services/pricing-plans-tpa/1.2216.0/client/List.chunk.min.js]
[static.wixstatic.com/media/f00ebf_2520426526c54c71a94fc39042676a77_mv2.jpg/v1/fill/w_1080,h_1920,al_c,q_90/f00ebf_2520426526c54c71a94fc39042676a77_mv2.43696b.dela]
[static.wixstatic.com/media/f00ebf_52e6eea1eac54ca98de4fec46c1166d7_mv2.jpg/v1/fill/w_58,h_78,al_c,q_80,usm_0.66_1.00_0.01,blur_2,enc_auto/image_50406401_JPG.jpg]
[static.wixstatic.com/media/f00ebf_506a083d73dd4443a2bbc6b691007aae_mv2_d_3/v1/fill/w_79,h_53,al_c,q_80,usm_0.66_1.00_0.01,blur_2,e/IMG_8778_edited.jpg]
[www.jollybodiesfitness.com/plans.html]
[www.jollybodiesfitness.com/book.html]
[static.wixstatic.com/media/f00ebf_437d260701e44d3d8992e9e8edece39ff000.jpg/v1/fill/w_108,h_61,al_c,q_80,usm_0.66_1.00_0.01,blur_2,/f00ebf_437d260701e44d3d8992e9e8]
[static.wixstatic.com/media/f00ebf_f308830e541641a0b8ceb5820944b391_mv2.jpg/v1/fill/w_1920,h_1080,al_c,q_90/f00ebf_f308830e541641a0b8ceb5820944b391_mv2.473d87.dela]
[static.wixstatic.com/media/f00ebf_bf3b027279ba48988c9188c59e62221f_mv2.png/v1/crop/x_77,y_121,w_1150,h_371/fill/w_511,h_165,al_c,q_85,usm_/Web pages  (10).49.dela]
[static.wixstatic.com/media/f00ebf_dd6fb8b009234bf79f0cc8b181104e44f002.jpg/v1/fill/w_89,h_89,al_c,q_80,usm_0.66_1.00_0.01,blur_2,e/f00ebf_dd6fb8b009234bf79f0cc8b1]
[images-vod.wixmp.com/f00ebfd0-637e-49da-a0c7-af533358b362/images/8f788e0ccaa54258b3548e772d592d99f002/v1/fill/w_275,h_155,q_85,usm_0.66_1.00_0.01/file.jpg]
[static.wixstatic.com/media/f00ebf_4bfce7d861584e2f832dfe5c5ae87a8e_mv2.png/v1/fill/w_9,h_5,al_c,q_85,usm_0.66_1.00_0.01,blur_2,enc/f00ebf_4bfce7d861584e2f832dfe5c]
[images-vod.wixmp.com/f00ebfd0-637e-49da-a0c7-af533358b362/images/77aae93aa42f472eb194b8dd5d5d2f03f002/v1/fill/w_275,h_155,q_85,usm_0.66_1.00_0.01/file.jpg]
[images-vod.wixmp.com/f00ebfd0-637e-49da-a0c7-af533358b362/images/06ea8332083e47f386907e2128cf6d37f002/v1/fill/w_275,h_155,q_85,usm_0.66_1.00_0.01/file.jpg]
[images-vod.wixmp.com/f00ebfd0-637e-49da-a0c7-af533358b362/images/048bec2ccc774f248a631f177fa8d9edf002/v1/fill/w_275,h_155,q_85,usm_0.66_1.00_0.01/file.jpg]
[images-vod.wixmp.com/f00ebfd0-637e-49da-a0c7-af533358b362/images/eb423012efb54c3e9300cf04c1d7952af002/v1/fill/w_275,h_155,q_85,usm_0.66_1.00_0.01/file.jpg]
[images-vod.wixmp.com/0e998ef3-a8be-4a81-9134-4a5ecf491c32/images/9f129758f818493a9f58d4770215d2b8f002/v1/fill/w_275,h_155,q_85,usm_0.66_1.00_0.01/file.jpg]
[images-vod.wixmp.com/0e998ef3-a8be-4a81-9134-4a5ecf491c32/images/494b558507e34385b9a375f3e358334cf002/v1/fill/w_275,h_155,q_85,usm_0.66_1.00_0.01/file.jpg]
[images-vod.wixmp.com/0e998ef3-a8be-4a81-9134-4a5ecf491c32/images/7e831287375143f68af5c6fe557163b1f002/v1/fill/w_275,h_155,q_85,usm_0.66_1.00_0.01/file.jpg]
[www.jollybodiesfitness.com/digitalstudio.html]
[www.jollybodiesfitness.com/digitalstudioportal.html]
[static.wixstatic.com/media/f00ebf_17321dc9c6664f389e59c84b4d1a7018_mv2.png/v1/crop/x_0,y_191,w_1350,h_274/fill/w_88,h_18,al_c,q_85,usm_0.6/rise_ reset_ strong_ ch]
[static.wixstatic.com/media/f00ebf_30f52429f8fd48d29ccaed47d737b5cd_mv2.jpg/v1/fill/w_107,h_73,al_c,q_80,usm_0.66_1.00_0.01,blur_2,/f00ebf_30f52429f8fd48d29ccaed47]
[static.wixstatic.com/media/f00ebf_b9e2ac8625c3464a96a4ffd2d40a8e67_mv2.png/v1/fill/w_196,h_196,al_c,q_85,usm_0.66_1.00_0.01,blur_3,enc_auto/4.png]
[static.wixstatic.com/media/f00ebf_d2015cf6c91741d2bd60dfbf0491afdc_mv2.png/v1/fill/w_161,h_161,al_c,q_85,usm_0.66_1.00_0.01,enc_au/Jolly_Bodies_Logo_C_WHITE_KNOCK]
[static.wixstatic.com/media/f00ebf_d7d04a09d4ef4ed88cce9cc912894961_mv2.png/v1/fill/w_196,h_196,al_c,q_85,usm_0.66_1.00_0.01,blur_3,enc_auto/6.png]
[static.wixstatic.com/media/f00ebf_151442aab1ec46a7900c030c1963a677_mv2.gif]
[static.wixstatic.com/media/f00ebf_2f5564b748de42449269802bf07708f6_mv2.gif]
[static.wixstatic.com/media/f00ebf_d5180dc7e0eb4e61b3a34a9a38855b46_mv2.png/v1/fill/w_200,h_200,al_c,q_85,usm_0.66_1.00_0.01,blur_3,enc_auto/5.png]
[static.wixstatic.com/media/f00ebf_3910c5faa84a4d61a7d008322c7db522_mv2.png/v1/fill/w_196,h_196,al_c,q_85,usm_0.66_1.00_0.01,blur_3,enc_auto/2.png]
[static.wixstatic.com/media/f00ebf_9578c4f9568941ff858030f36cf89bd3_mv2.gif]
[static.wixstatic.com/media/f00ebf_c9849f29d38441adb14d28ebcd719211_mv2.gif]
[www.jollybodiesfitness.com/jbcurriculum.html]
[www.jollybodiesfitness.com/more.html]
[static.wixstatic.com/media/f00ebf_f9a66d4ed3764829a13ecb2d5577146c_mv2.png/v1/fill/w_120,h_120,al_c,q_85,usm_0.66_1.00_0.01,blur_2/Copy of Copy of JB infographic]
[static.wixstatic.com/media/f00ebf_668e73c499dd46c0867cf080515d4526_mv2.png/v1/fill/w_343,h_229,al_c,q_85,usm_0.66_1.00_0.01,enc_auto/JB postcards (4).png]
[static.wixstatic.com/media/f00ebf_89c555ce7c7d415a8369a6e22f0025ce_mv2.png/v1/fill/w_49,h_49,al_c,q_85,usm_0.66_1.00_0.01,blur_2,e/f00ebf_89c555ce7c7d415a8369a6e2]
[www.jollybodiesfitness.com/product-page/jolly-day-in-the-sun-beach-towel.html]
[www.jollybodiesfitness.com/product-page/smiley-cropped-pullover.html]
[static.wixstatic.com/media/f00ebf_1c4d769eb7ab48b88e4bf221ff75bf19_mv2.png/v1/fill/w_49,h_49,al_c,q_85,usm_0.66_1.00_0.01,blur_2,e/f00ebf_1c4d769eb7ab48b88e4bf221]
[static.wixstatic.com/media/f00ebf_6b30042c34e447729b79837dc48684eb_mv2.png/v1/fill/w_49,h_49,al_c,q_85,usm_0.66_1.00_0.01,blur_2,e/f00ebf_6b30042c34e447729b79837d]
[static.wixstatic.com/media/f00ebf_4ed41ce7e02145a1b6ec849f28406413_mv2.png/v1/fill/w_49,h_49,al_c,q_85,usm_0.66_1.00_0.01,blur_2,e/f00ebf_4ed41ce7e02145a1b6ec849f]
[static.wixstatic.com/media/f00ebf_eae262f03dec449f9d2e94cdd1788f67_mv2.jpg/v1/fill/w_147,h_196,al_c,q_80,usm_0.66_1.00_0.01,blur_2/f00ebf_eae262f03dec449f9d2e94cd]
[www.jollybodiesfitness.com/product-page/home-base-pullover.html]
[static.wixstatic.com/media/f00ebf_de82d02e1fb94051af7da75b9f0ac2a1_mv2.png/v1/fill/w_49,h_49,al_c,q_85,usm_0.66_1.00_0.01,blur_2,e/f00ebf_de82d02e1fb94051af7da75b]
[www.jollybodiesfitness.com/product-page/the-format-pullover-shimmer.html]
[static.wixstatic.com/media/f00ebf_05b12e7fdb2740b5812eee78b7e4abdd_mv2.jpg/v1/fill/w_147,h_196,al_c,q_80,usm_0.66_1.00_0.01,blur_2/f00ebf_05b12e7fdb2740b5812eee78]
[www.jollybodiesfitness.com/product-page/happy-beginnings-sweat-towel.html]
[static.wixstatic.com/media/f00ebf_8da18c7993f14dd3afea39341386807b_mv2.png/v1/fill/w_49,h_49,al_c,q_85,usm_0.66_1.00_0.01,blur_2,e/f00ebf_8da18c7993f14dd3afea3934]
[www.jollybodiesfitness.com/product-page/daily-dose-of-jolly-sweat-towel.html]
[static.wixstatic.com/media/f00ebf_bf1708d842d9432faf944e7983f5c422_mv2.png/v1/fill/w_49,h_49,al_c,q_85,usm_0.66_1.00_0.01,blur_2,e/f00ebf_bf1708d842d9432faf944e79]
[static.wixstatic.com/media/f00ebf_7ee1b48d408744579932de78ae283a13_mv2.png/v1/fill/w_49,h_49,al_c,q_85,usm_0.66_1.00_0.01,blur_2,e/f00ebf_7ee1b48d408744579932de78]
[www.jollybodiesfitness.com/product-page/jb-rainbow-sweat-towel.html]
[www.jollybodiesfitness.com/product-page/work-out-hard-and-be-kind-sweat-towel.html]
[static.wixstatic.com/media/f00ebf_f65d497aed4b4750a11018bf84a8a39b_mv2.png/v1/fill/w_49,h_49,al_c,q_85,usm_0.66_1.00_0.01,blur_2,e/f00ebf_f65d497aed4b4750a11018bf]
[static.wixstatic.com/media/f00ebf_ee87138e07f34c108cdb1e5e858c1042_mv2.png/v1/fill/w_49,h_49,al_c,q_85,usm_0.66_1.00_0.01,blur_2,e/f00ebf_ee87138e07f34c108cdb1e5e]
[www.jollybodiesfitness.com/product-page/jb-logo-sweat-towel.html]
[www.jollybodiesfitness.com/shop.html]
[static.wixstatic.com/media/f00ebf_f460f38bfb1744a1b3c0c204eb80a4ef_mv2.png/v1/fill/w_49,h_49,al_c,q_85,usm_0.66_1.00_0.01,blur_2,e/f00ebf_f460f38bfb1744a1b3c0c204]
[www.jollybodiesfitness.com/product-page/black-white-jb-sweat-towel.html]
[static.parastorage.com/services/pro-gallery-santa-wrapper/1.2776.0/staticCss.min.css]
[static.wixstatic.com/media/f00ebf_66248dba0f274fa6a1370323088ff2f5_mv2.png/v1/fit/w_471,h_470,q_75/f00ebf_66248dba0f274fa6a1370323088ff2f5_mv2.png]
[static.wixstatic.com/media/f00ebf_a80a8e1e08844569a34cbd4ce33551fa_mv2.png/v1/fit/w_470,h_470,q_75/f00ebf_a80a8e1e08844569a34cbd4ce33551fa_mv2.png]
[static.wixstatic.com/media/f00ebf_c56bddee2d6c4374b134692e7bd67eb8_mv2.png/v1/fit/w_471,h_470,q_75/f00ebf_c56bddee2d6c4374b134692e7bd67eb8_mv2.png]
[static.wixstatic.com/media/f00ebf_b50aa64c142e4d37949a52047ce2be15_mv2.png/v1/fit/w_470,h_470,q_75/f00ebf_b50aa64c142e4d37949a52047ce2be15_mv2.png]
[static.wixstatic.com/media/f00ebf_a035c1049df545319aed5a332378ee95_mv2.png/v1/fit/w_471,h_470,q_75/f00ebf_a035c1049df545319aed5a332378ee95_mv2.png]
[static.wixstatic.com/media/f00ebf_2d7f4944e4c3468aa7d631cb490a9a1f_mv2.png/v1/fit/w_470,h_470,q_75/f00ebf_2d7f4944e4c3468aa7d631cb490a9a1f_mv2.png]
[static.wixstatic.com/media/f00ebf_f25a3c5a23964da483cbb06e0f0dd9df_mv2.jpg/v1/fit/w_471,h_470,q_75/f00ebf_f25a3c5a23964da483cbb06e0f0dd9df_mv2.jpg]
[static.wixstatic.com/media/f00ebf_12aa9290c3304c91ab0783685b0f2faf_mv2.png/v1/fit/w_470,h_470,q_75/f00ebf_12aa9290c3304c91ab0783685b0f2faf_mv2.png]
[static.wixstatic.com/media/f00ebf_d9d72cad3dc144ef950e696e4a61c896_mv2.png/v1/fit/w_471,h_470,q_75/f00ebf_d9d72cad3dc144ef950e696e4a61c896_mv2.png]
[static.wixstatic.com/media/f00ebf_f287a473900542d09a0176ddcbe50ad3_mv2.png/v1/fit/w_470,h_470,q_75/f00ebf_f287a473900542d09a0176ddcbe50ad3_mv2.png]
[static.wixstatic.com/media/f00ebf_1dd0ccb011ec4503a33c7c1d83394304_mv2.png/v1/fit/w_471,h_470,q_75/f00ebf_1dd0ccb011ec4503a33c7c1d83394304_mv2.png]
[static.wixstatic.com/media/f00ebf_bcc0f083be9348c584fa4c89c9386925_mv2.png/v1/fit/w_470,h_470,q_75/f00ebf_bcc0f083be9348c584fa4c89c9386925_mv2.png]
[static.wixstatic.com/media/f00ebf_bcfb6db41e524603b63bcb688011f55c_mv2.png/v1/fit/w_471,h_470,q_75/f00ebf_bcfb6db41e524603b63bcb688011f55c_mv2.png]
[static.wixstatic.com/media/f00ebf_b3b0630290314732a581790b02781aec_mv2.png/v1/fit/w_470,h_470,q_75/f00ebf_b3b0630290314732a581790b02781aec_mv2.png]
[static.wixstatic.com/media/f00ebf_d5a75eebdc8d456983fa4e4c66d87034_mv2.png/v1/fit/w_471,h_470,q_75/f00ebf_d5a75eebdc8d456983fa4e4c66d87034_mv2.png]
[static.wixstatic.com/media/f00ebf_c829f633b144405f8e4bb8c29190ba03_mv2.png/v1/fit/w_470,h_470,q_75/f00ebf_c829f633b144405f8e4bb8c29190ba03_mv2.png]
[static.wixstatic.com/media/f00ebf_841978a92def485583e476e134ac8eca_mv2.png/v1/fit/w_471,h_470,q_75/f00ebf_841978a92def485583e476e134ac8eca_mv2.png]
[www.jollybodiesfitness.com/media-1.html]
[static.wixstatic.com/media/f00ebf_199e76e3b06f444bae1cbb322d5ed281_mv2.jpg/v1/fill/w_414,h_605,al_c,q_80,usm_0.66_1.00_0.01,enc_auto/_JM_4664.jpg]
[www.jollybodiesfitness.com/about.html]
[static.wixstatic.com/media/f00ebf_52e6eea1eac54ca98de4fec46c1166d7_mv2.jpg/v1/fill/w_100,h_134,al_c,q_80,usm_0.66_1.00_0.01,blur_2/f00ebf_52e6eea1eac54ca98de4fec4]
[static.wixstatic.com/media/f00ebf_3dd8183d1d5a4f86a6bb7dcfd2be9066_mv2.png/v1/fill/w_101,h_46,al_c,q_85,usm_0.66_1.00_0.01,enc_aut/Project-Drawing1_2copy_psd.8b.d]
[static.wixstatic.com/media/f00ebf_82eddb994a3643a5a2ce4ff6650affa2_mv2.png/v1/crop/x_21,y_11,w_1031,h_364/fill/w_96,h_36,al_c,q_85,usm_0.6/Project-Drawing1_1copy_]
[www.jollybodiesfitness.com/leeannandburke.html]
[www.jollybodiesfitness.com/dee20801.min.8e.delayed]
[www.jollybodiesfitness.com/213414f5.min.css]
[www.jollybodiesfitness.com/6cf6915d.min.css]
[www.jollybodiesfitness.com/be9271f4.min.css]
[www.jollybodiesfitness.com/rb_wixui.corvid_core.3ae99ef5.chunk.min.js]
[static.wixstatic.com/media/f00ebf_fba37aefffcc4f14b05ec7970235c5e3_mv2.png/v1/fill/w_285,h_85,al_c,q_85,usm_0.66_1.00_0.01,enc_auto/_edited.png]
[www.jollybodiesfitness.com/book-online.html]
[www.jollybodiesfitness.com/service-page/jb-1-on-1.html]
[www.jollybodiesfitness.com/blog-feed.xml]
[static.parastorage.com/services/communities-blog-ooi/1.539.0/client/post-list-pro-gallery.chunk.min.css]
[static.parastorage.com/services/communities-blog-ooi/1.539.0/client/972.chunk.min.js]
[static.parastorage.com/services/communities-blog-ooi/1.539.0/client/5938.chunk.min.js]
[static.parastorage.com/services/communities-blog-ooi/1.539.0/client/5967.chunk.min.js]
[www.jollybodiesfitness.com/blog/page/2.html]
[static.parastorage.com/services/communities-blog-ooi/1.539.0/client/post-list-pro-gallery.chunk.min.js]
[www.jollybodiesfitness.com/blog/categories/being-jolly.html]
[www.jollybodiesfitness.com/blog/categories/move.html]
[www.jollybodiesfitness.com/blog/categories/eat.html]
[www.jollybodiesfitness.com/blog/categories/dr-beatrice.html]
[www.jollybodiesfitness.com/blog/categories/being-jolly/motivate.html]
[www.jollybodiesfitness.com/blog/categories/being-jolly/self-love.html]
[www.jollybodiesfitness.com/blog/categories/being-jolly/relationships.html]
[www.jollybodiesfitness.com/blog/categories/move/exercise-science.html]
[www.jollybodiesfitness.com/blog/categories/move/fitness-myths.html]
[www.jollybodiesfitness.com/blog/categories/eat/recipes.html]
[www.jollybodiesfitness.com/blog/categories/eat/nutrition.html]
[www.jollybodiesfitness.com/blog/categories/eat/nutrition-myths.html]
[www.jollybodiesfitness.com/blog/categories/eat/mindful-eating.html]
[www.jollybodiesfitness.com/blog/categories/be-jolly-1.html]
[www.jollybodiesfitness.com/blog/categories/_move.html]
[www.jollybodiesfitness.com/blog/categories/learn.html]
[static.wixstatic.com/media/f00ebf_b3ae791c1e434b2a861d21e380a520cd_mv2.gif]
[www.jollybodiesfitness.com/blog/categories/__eat.html]
[www.jollybodiesfitness.com/post/bulletproof-your-core-a-12-minute-go-to-workout-for-improving-core-strength.html]
[static.wixstatic.com/media/f00ebf_b3c68a30a66c4de0bdb8ec2cbd732d8f_mv2_d_5/v1/fill/w_250,h_250,fp_0.50_0.50,q_30,blur_30,enc_auto/f00ebf_b3c68a30a66c4de0bdb8ec2cb]
[static.wixstatic.com/media/f00ebf_b3c68a30a66c4de0bdb8ec2cbd732d8f_mv2_d_5/v1/fill/w_454,h_341,fp_0.50_0.50,q_90,enc_auto/f00ebf_b3c68a30a66c4de0bdb8ec2cbd732d8f_]
[static.wixstatic.com/media/f00ebf_c4264c8f9c7c42ed9a112b104e7c92c6_mv2_d_5/v1/fill/w_454,h_341,fp_0.50_0.50,q_90,enc_auto/f00ebf_c4264c8f9c7c42ed9a112b104e7c92c6_]
[static.wixstatic.com/media/f00ebf_c4264c8f9c7c42ed9a112b104e7c92c6_mv2_d_5/v1/fill/w_250,h_250,fp_0.50_0.50,q_30,blur_30,enc_auto/f00ebf_c4264c8f9c7c42ed9a112b104]
[www.jollybodiesfitness.com/post/talkin-body-do-i-need-a-heart-rate-monitor-for-my-workouts-or-not.html]
[www.jollybodiesfitness.com/post/the-on-the-go-8-minute-leg-makeover.html]
[www.jollybodiesfitness.com/blog/page/3.html]
[www.jollybodiesfitness.com/blog/page/4.html]
[www.jollybodiesfitness.com/blog.html]
[www.jollybodiesfitness.com/blog/page/5.html]
[www.jollybodiesfitness.com/2b8b066f.min.css]
[www.jollybodiesfitness.com/contact.html]
[www.jollybodiesfitness.com/terms-of-use.html]
[static.wixstatic.com/media/f00ebf_fba53a082d4140e092bb20b5036f082df000.jpg/v1/fill/w_147,h_83,al_c,q_80,usm_0.66_1.00_0.01,blur_2,/f00ebf_fba53a082d4140e092bb20b5]
[www.jollybodiesfitness.com/jbtrainees.html]
[www.jollybodiesfitness.com/forcoaches.html]
[static.parastorage.com/services/pricing-plans-tpa/1.2216.0/client/List.chunk.min.css]
[www.jollybodiesfitness.com/blog/page/23.html]
[www.jollybodiesfitness.com/product-page/decodeURIComponent(e.html]
[www.jollybodiesfitness.com/product-page/sitemap.xml]
[www.jollybodiesfitness.com/product-page/robots.html]
[www.jollybodiesfitness.com/product-page/feed.xml]
[www.jollybodiesfitness.com/product-page/eec152dc.min.html]
[www.jollybodiesfitness.com/product-page/b604fd33.min.html]
[www.jollybodiesfitness.com/product-page/caeea34d.min.html]
[www.jollybodiesfitness.com/product-page/f7ebcb0e.min.html]
[www.jollybodiesfitness.com/product-page/99a6a99f.min.html]
[www.jollybodiesfitness.com/product-page/ada5099f.min.html]
[www.jollybodiesfitness.com/product-page/5d684912.min.html]
[www.jollybodiesfitness.com/product-page/7a36fe10.chunk.min.html]
[www.jollybodiesfitness.com/product-page/rb_wixui.thunderbolt_bootstrap-classic.db545a77.chunk.min.html]
[www.jollybodiesfitness.com/product-page/rb_wixui.thunderbolt_bootstrap.8a86afda.chunk.min.html]
[www.jollybodiesfitness.com/product-page/rb_wixui.thunderbolt_bootstrap.7a36fe10.chunk.min.html]
[www.jollybodiesfitness.com/product-page/jolly-day-in-the-sun-beach-towel.html]
[www.jollybodiesfitness.com/product-page/smiley-cropped-pullover.html]
[static.wixstatic.com/media/f00ebf_89c555ce7c7d415a8369a6e22f0025ce_mv2.png/v1/fill/w_498,h_498,al_c,usm_0.66_1.00_0.01/f00ebf_89c555ce7c7d415a8369a6e22f0025ce_mv2]
[static.wixstatic.com/media/f00ebf_89c555ce7c7d415a8369a6e22f0025ce_mv2.png/v1/fill/w_996,h_996,al_c,usm_0.66_1.00_0.01/f00ebf_89c555ce7c7d415a8369a6e22f0025ce_mv2]
[static.wixstatic.com/media/f00ebf_6b30042c34e447729b79837dc48684eb_mv2.png/v1/fill/w_996,h_996,al_c,usm_0.66_1.00_0.01/f00ebf_6b30042c34e447729b79837dc48684eb_mv2]
[www.jollybodiesfitness.com/product-page/home-base-pullover.html]
[static.wixstatic.com/media/f00ebf_6b30042c34e447729b79837dc48684eb_mv2.png/v1/fill/w_498,h_498,al_c,usm_0.66_1.00_0.01/f00ebf_6b30042c34e447729b79837dc48684eb_mv2]
[www.jollybodiesfitness.com/product-page/the-format-pullover-shimmer.html]
